// Jest Snapshot v1, https://goo.gl/fbAQLP

exports[`<BlackKey /> renders with basic props 1`] = `
<KeyboardKey
  className="keyboard-key--black"
  onMouseDown={[Function]}
  onMouseLeave={[Function]}
  onMouseOver={[Function]}
  onMouseUp={[Function]}
/>
`;
