// Jest Snapshot v1, https://goo.gl/fbAQLP

exports[`<WhiteKey /> renders with basic props 1`] = `
<PianoKey
  className="piano-key--white"
  onMouseDown={[Function]}
  onMouseLeave={[Function]}
  onMouseOver={[Function]}
  onMouseUp={[Function]}
/>
`;
