// Jest Snapshot v1, https://goo.gl/fbAQLP

exports[`<Sustain /> renders with basic props 1`] = `
<div
  className="envelope-sustain"
>
  Sustain: Â 
  <Fader
    classSuffix="envelope-sustain"
    maxValue={2}
    minValue={0}
    onInput={[Function]}
    onMouseDown={[Function]}
    stepResolution={0.1}
    value={1}
    valueUnit="seconds"
  />
</div>
`;
