// Jest Snapshot v1, https://goo.gl/fbAQLP

exports[`<MasterVolume /> renders with basic props 1`] = `
<div
  className="master-volume"
>
  M Vol: Â 
  <VolumeFader
    classSuffix="master-volume"
    onInput={[Function]}
    onMouseDown={[Function]}
    value={0.1}
  />
</div>
`;
