// Jest Snapshot v1, https://goo.gl/fbAQLP

exports[`<Attack /> renders with basic props 1`] = `
<div
  className="envelope-attack"
>
  Attack: Â 
  <Fader
    classSuffix="envelope-attack"
    maxValue={2}
    minValue={0}
    onInput={[Function]}
    onMouseDown={[Function]}
    stepResolution={0.1}
    value={0.1}
    valueUnit="seconds"
  />
</div>
`;
